 len 000535A0 (333 KiB): ESP-ROM:esp32s3-20210327
Build:Mar 27 2021
rst:0x15 (USB_UART_CHIP_RESET),boot:0x8 (SPI_FAST_FLASH_BOOT)
Saved PC:0x40048839
SPIWP:0xee
Octal Flash Mode Enabled
For OPI Flash, Use Default Flash Boot Mode
mode:SLOW_RD, clock div:1
load:0x3fce3810,len:0x178c
load:0x403c9700,len:0x4
load:0x403c9704,len:0xcbc
load:0x403cc700,len:0x2da0
entry 0x403c9914
[0;32mI (33) boot: ESP-IDF v5.2.1 2nd stage bootloader[0m
[0;32mI (33) boot: compile time May 10 2024 10:48:52[0m
[0;32mI (33) boot: Multicore bootloader[0m
[0;32mI (36) boot: chip revision: v0.1[0m
[0;32mI (40) boot.esp32s3: Boot SPI Speed : 80MHz[0m
[0;32mI (45) boot.esp32s3: SPI Mode       : SLOW READ[0m
[0;32mI (50) boot.esp32s3: SPI Flash Size : 2MB[0m
[0;32mI (55) boot: Enabling RNG early entropy source...[0m
[0;32mI (60) boot: Partition Table:[0m
[0;32mI (64) boot: ## Label            Usage          Type ST Offset   Length[0m
[0;32mI (71) boot:  0 nvs              WiFi data        01 02 00009000 00006000[0m
[0;32mI (78) boot:  1 phy_init         RF data          01 01 0000f000 00001000[0m
[0;32mI (86) boot:  2 factory          factory app      00 00 00010000 00100000[0m
[0;32mI (93) boot: End of partition table[0m
[0;32mI (98) esp_image: segment 0: paddr=00010020 vaddr=3c020020 size=0ea88h ( 60040) map[0m
[0;32mI (120) esp_image: segment 1: paddr=0001eab0 vaddr=3fc92f00 size=01568h (  5480) load[0m
[0;32mI (122) esp_image: segment 2: paddr=00020020 vaddr=42000020 size=1bf38h (114488) map[0m
[0;32mI (153) esp_image: segment 3: paddr=0003bf60 vaddr=3fc94468 size=01408h (  5128) load[0m
[0;32mI (155) esp_image: segment 4: paddr=0003d370 vaddr=40374000 size=0ee04h ( 60932) load[0m
[0;32mI (182) boot: Loaded app from partition at offset 0x10000[0m
[0;32mI (182) boot: Disabling RNG early entropy source...[0m
[0;32mI (193) cpu_start: Multicore app[0m
[0;32mI (203) cpu_start: Pro cpu start user code[0m
[0;32mI (203) cpu_start: cpu freq: 160000000 Hz[0m
[0;32mI (203) cpu_start: Application information:[0m
[0;32mI (206) cpu_start: Project name:     danalogico[0m
[0;32mI (211) cpu_start: App version:      1[0m
[0;32mI (215) cpu_start: Compile time:     May 10 2024 10:48:34[0m
[0;32mI (222) cpu_start: ELF file SHA256:  e268da596...[0m
[0;32mI (227) cpu_start: ESP-IDF:          v5.2.1[0m
[0;32mI (232) cpu_start: Min chip rev:     v0.0[0m
[0;32mI (236) cpu_start: Max chip rev:     v0.99 [0m
[0;32mI (241) cpu_start: Chip rev:         v0.1[0m
[0;32mI (246) heap_init: Initializing. RAM available for dynamic allocation:[0m
[0;32mI (253) heap_init: At 3FC96170 len 000535A0 (333 KiB): RAM[0m
[0;32mI (259) heap_init: At 3FCE9710 len 00005724 (21 KiB): RAM[0m
[0;32mI (265) heap_init: At 3FCF0000 len 00008000 (32 KiB): DRAM[0m
[0;32mI (272) heap_init: At 600FE010 len 00001FD8 (7 KiB): RTCRAM[0m
[0;33mW (278) spi_flash: Octal flash chip is using but dio mode is selected, will automatically swich to Octal mode[0m
[0;32mI (289) spi_flash: detected chip: mxic (opi)[0m
[0;32mI (293) spi_flash: flash io: opi_str[0m
[0;33mW (298) spi_flash: Detected size(32768k) larger than the size in the binary image header(2048k). Using the size in the binary image header.[0m
[0;32mI (311) sleep: Configure to isolate all GPIO pins in sleep state[0m
[0;32mI (318) sleep: Enable automatic switching of GPIO sleep configuration[0m
[0;32mI (325) main_task: Started on CPU0[0m
[0;32mI (335) main_task: Calling app_main()[0m
[0;32mI (335) EJERCICIO: adc_pattern[0].atten is :0[0m
[0;32mI (335) EJERCICIO: adc_pattern[0].channel is :5[0m
[0;32mI (345) EJERCICIO: adc_pattern[0].unit is :0[0m
[0;31mE (345) adc_continuous: adc_continuous_config(536): ADC sampling frequency out of range[0m
ESP_ERROR_CHECK failed: esp_err_t 0x102 (ESP_ERR_INVALID_ARG) at 0x4200857f
file: "./main/danalogico.c" line 59
func: adc_init
expression: adc_continuous_config(handle,&dig_config)

abort() was called at PC 0x4037aa23 on core 0


Backtrace: 0x403759ba:0x3fc99cd0 0x4037aa2d:0x3fc99cf0 0x40380dc5:0x3fc99d10 0x4037aa23:0x3fc99d80 0x4200857f:0x3fc99db0 0x420085b9:0x3fc99e10 0x4201b0ab:0x3fc99e40 0x4037b395:0x3fc99e70




ELF file SHA256: e268da596

Rebooting...
ESP-ROM:esp32s3-20210327
Build:Mar 27 2021
rst:0xc (RTC_SW_CPU_RST),boot:0x8 (SPI_FAST_FLASH_BOOT)
Saved PC:0x40375930
SPIWP:0xee
Octal Flash Mode Enabled
For OPI Flash, Use Default Flash Boot Mode
mode:SLOW_RD, clock div:1
load:0x3fce3810,len:0x178c
load:0x403c9700,len:0x4
load:0x403c9704,len:0xcbc
load:0x403cc700,len:0x2da0
entry 0x403c9914
[0;32mI (32) boot: ESP-IDF v5.2.1 2nd stage bootloader[0m
[0;32mI (32) boot: compile time May 10 2024 10:48:52[0m
[0;32mI (33) boot: Multicore bootloader[0m
[0;32mI (36) boot: chip revision: v0.1[0m
[0;32mI (39) boot.esp32s3: Boot SPI Speed : 80MHz[0m
[0;32mI (44) boot.esp32s3: SPI Mode       : SLOW READ[0m
[0;32mI (49) boot.esp32s3: SPI Flash Size : 2MB[0m
[0;32mI (54) boot: Enabling RNG early entropy source...[0m
[0;32mI (60) boot: Partition Table:[0m
[0;32mI (63) boot: ## Label            Usage          Type ST Offset   Length[0m
[0;32mI (70) boot:  0 nvs              WiFi data        01 02 00009000 00006000[0m
[0;32mI (78) boot:  1 phy_init         RF data          01 01 0000f000 00001000[0m
[0;32mI (85) boot:  2 factory          factory app      00 00 00010000 00100000[0m
[0;32mI (93) boot: End of partition table[0m
[0;32mI (97) esp_image: segment 0: paddr=00010020 vaddr=3c020020 size=0ea88h ( 60040) map[0m
[0;32mI (120) esp_image: segment 1: paddr=0001eab0 vaddr=3fc92f00 size=01568h (  5480) load[0m
[0;32mI (122) esp_image: segment 2: paddr=00020020 vaddr=42000020 size=1bf38h (114488) map[0m
[0;32mI (153) esp_image: segment 3: paddr=0003bf60 vaddr=3fc94468 size=01408h (  5128) load[0m
[0;32mI (155) esp_image: segment 4: paddr=0003d370 vaddr=40374000 size=0ee04h ( 60932) load[0m
[0;32mI (181) boot: Loaded app from partition at offset 0x10000[0m
[0;32mI (182) boot: Disabling RNG early entropy source...[0m
[0;32mI (193) cpu_start: Multicore app[0m
[0;32mI (202) cpu_start: Pro cpu start user code[0m
[0;32mI (202) cpu_start: cpu freq: 160000000 Hz[0m
[0;32mI (202) cpu_start: Application information:[0m
[0;32mI (205) cpu_start: Project name:     danalogico[0m
[0;32mI (210) cpu_start: App version:      1[0m
[0;32mI (215) cpu_start: Compile time:     May 10 2024 10:48:34[0m
[0;32mI (221) cpu_start: ELF file SHA256:  e268da596...[0m
[0;32mI (226) cpu_start: ESP-IDF:          v5.2.1[0m
[0;32mI (231) cpu_start: Min chip rev:     v0.0[0m
[0;32mI (236) cpu_start: Max chip rev:     v0.99 [0m
[0;32mI (241) cpu_start: Chip rev:         v0.1[0m
[0;32mI (246) heap_init: Initializing. RAM available for dynamic allocation:[0m
[0;32mI (253) heap_init: At 3FC96170 len 000535A0 (333 KiB): RAM[0m
[0;32mI (259) heap_init: At 3FCE9710 len 00005724 (21 KiB): RAM[0m
[0;32mI (265) heap_init: At 3FCF0000 len 00008000 (32 KiB): DRAM[0m
[0;32mI (271) heap_init: At 600FE010 len 00001FD8 (7 KiB): RTCRAM[0m
[0;33mW (278) spi_flash: Octal flash chip is using but dio mode is selected, will automatically swich to Octal mode[0m
[0;32mI (288) spi_flash: detected chip: mxic (opi)[0m
[0;32mI (293) spi_flash: flash io: opi_str[0m
[0;33mW (297) spi_flash: Detected size(32768k) larger than the size in the binary image header(2048k). Using the size in the binary image header.[0m
[0;32mI (311) sleep: Configure to isolate all GPIO pins in sleep state[0m
[0;32mI (317) sleep: Enable automatic switching of GPIO sleep configuration[0m
[0;32mI (325) main_task: Started on CPU0[0m
[0;32mI (335) main_task: Calling app_main()[0m
[0;32mI (335) EJERCICIO: adc_pattern[0].atten is :0[0m
[0;32mI (335) EJERCICIO: adc_pattern[0].channel is :5[0m
[0;32mI (345) EJERCICIO: adc_pattern[0].unit is :0[0m
[0;31mE (345) adc_continuous: adc_continuous_config(536): ADC sampling frequency out of range[0m
ESP_ERROR_CHECK failed: esp_err_t 0x102 (ESP_ERR_INVALID_ARG) at 0x4200857f
file: "./main/danalogico.c" line 59
func: adc_init
expression: adc_continuous_config(handle,&dig_config)

abort() was called at PC 0x4037aa23 on core 0


Backtrace: 0x403759ba:0x3fc99cd0 0x4037aa2d:0x3fc99cf0 0x40380dc5:0x3fc99d10 0x4037aa23:0x3fc99d80 0x4200857f:0x3fc99db0 0x420085b9:0x3fc99e10 0x4201b0ab:0x3fc99e40 0x4037b395:0x3fc99e70




ELF file SHA256: e268da596

Rebooting...
ESP-ROM:esp32s3-20210327
Build:Mar 27 2021
rst:0xc (RTC_SW_CPU_RST),boot:0x8 (SPI_FAST_FLASH_BOOT)
Saved PC:0x40375930
SPIWP:0xee
Octal Flash Mode Enabled
For OPI Flash, Use Default Flash Boot Mode
mode:SLOW_RD, clock div:1
load:0x3fce3810,len:0x178c
load:0x403c9700,len:0x4
load:0x403c9704,len:0xcbc
load:0x403cc700,len:0x2da0
entry 0x403c9914
[0;32mI (32) boot: ESP-IDF v5.2.1 2nd stage bootloader[0m
[0;32mI (32) boot: compile time May 10 2024 10:48:52[0m
[0;32mI (33) boot: Multicore bootloader[0m
[0;32mI (36) boot: chip revision: v0.1[0m
[0;32mI (39) boot.esp32s3: Boot SPI Speed : 80MHz[0m
[0;32mI (44) boot.esp32s3: SPI Mode       : SLOW READ[0m
[0;32mI (49) boot.esp32s3: SPI Flash Size : 2MB[0m
[0;32mI (54) boot: Enabling RNG early entropy source...[0m
[0;32mI (60) boot: Partition Table:[0m
[0;32mI (63) boot: ## Label            Usage          Type ST Offset   Length[0m
[0;32mI (70) boot:  0 nvs              WiFi data        01 02 00009000 00006000[0m
[0;32mI (78) boot:  1 phy_init         RF data          01 01 0000f000 00001000[0m
[0;32mI (85) boot:  2 factory          factory app      00 00 00010000 00100000[0m
[0;32mI (93) boot: End of partition table[0m
[0;32mI (97) esp_image: segment 0: paddr=00010020 vaddr=3c020020 size=0ea88h ( 60040) map[0m
[0;32mI (120) esp_image: segment 1: paddr=0001eab0 vaddr=3fc92f00 size=01568h (  5480) load[0m
[0;32mI (122) esp_image: segment 2: paddr=00020020 vaddr=42000020 size=1bf38h (114488) map[0m
[0;32mI (153) esp_image: segment 3: paddr=0003bf60 vaddr=3fc94468 size=01408h (  5128) load[0m
[0;32mI (155) esp_image: segment 4: paddr=0003d370 vaddr=40374000 size=0ee04h ( 60932) load[0m
[0;32mI (181) boot: Loaded app from partition at offset 0x10000[0m
[0;32mI (182) boot: Disabling RNG early entropy source...[0m
[0;32mI (193) cpu_start: Multicore app[0m
[0;32mI (202) cpu_start: Pro cpu start user code[0m
[0;32mI (202) cpu_start: cpu freq: 160000000 Hz[0m
[0;32mI (202) cpu_start: Application information:[0m
[0;32mI (205) cpu_start: Project name:     danalogico[0m
[0;32mI (210) cpu_start: App version:      1[0m
[0;32mI (215) cpu_start: Compile time:     May 10 2024 10:48:34[0m
[0;32mI (221) cpu_start: ELF file SHA256:  e268da596...[0m
[0;32mI (226) cpu_start: ESP-IDF:          v5.2.1[0m
[0;32mI (231) cpu_start: Min chip rev:     v0.0[0m
[0;32mI (236) cpu_start: Max chip rev:     v0.99 [0m
[0;32mI (241) cpu_start: Chip rev:         v0.1[0m
[0;32mI (246) heap_init: Initializing. RAM available for dynamic allocation:[0m
[0;32mI (253) heap_init: At 3FC96170 len 000535A0 (333 KiB): RAM[0m
[0;32mI (259) heap_init: At 3FCE9710 len 00005724 (21 KiB): RAM[0m
[0;32mI (265) heap_init: At 3FCF0000 len 00008000 (32 KiB): DRAM[0m
[0;32mI (271) heap_init: At 600FE010 len 00001FD8 (7 KiB): RTCRAM[0m
[0;33mW (278) spi_flash: Octal flash chip is using but dio mode is selected, will automatically swich to Octal mode[0m
[0;32mI (288) spi_flash: detected chip: mxic (opi)[0m
[0;32mI (293) spi_flash: flash io: opi_str[0m
[0;33mW (297) spi_flash: Detected size(32768k) larger than the size in the binary image header(2048k). Using the size in the binary image header.[0m
[0;32mI (311) sleep: Configure to isolate all GPIO pins in sleep state[0m
[0;32mI (317) sleep: Enable automatic switching of GPIO sleep configuration[0m
[0;32mI (325) main_task: Started on CPU0[0m
[0;32mI (335) main_task: Calling app_main()[0m
[0;32mI (335) EJERCICIO: adc_pattern[0].atten is :0[0m
[0;32mI (335) EJERCICIO: adc_pattern[0].channel is :5[0m
[0;32mI (345) EJERCICIO: adc_pattern[0].unit is :0[0m
[0;31mE (345) adc_continuous: adc_continuous_config(536): ADC sampling frequency out of range[0m
ESP_ERROR_CHECK failed: esp_err_t 0x102 (ESP_ERR_INVALID_ARG) at 0x4200857f
file: "./main/danalogico.c" line 59
func: adc_init
expression: adc_continuous_config(handle,&dig_config)

abort() was called at PC 0x4037aa23 on core 0


Backtrace: 0x403759ba:0x3fc99cd0 0x4037aa2d:0x3fc99cf0 0x40380dc5:0x3fc99d10 0x4037aa23:0x3fc99d80 0x4200857f:0x3fc99db0 0x420085b9:0x3fc99e10 0x4201b0ab:0x3fc99e40 0x4037b395:0x3fc99e70




